// Jest Snapshot v1, https://goo.gl/fbAQLP

exports[`renders dark 1`] = `
<DocumentFragment>
  <div>
    <div
      class="MuiBox-root MuiBox-root Styled(MuiBox)-root Styled(MuiBox)-root"
    >
      <button
        class="MuiButtonBase-root MuiButton-root MuiButton-contained ForwardRef(withPositioning)-root ForwardRef(withPositioning)-root"
        tabindex="0"
        type="button"
      >
        <span
          class="MuiButton-label"
        >
          Add Node
        </span>
        <span
          class="MuiTouchRipple-root"
        />
      </button>
      <button
        class="MuiButtonBase-root MuiButton-root MuiButton-contained ForwardRef(withPositioning)-root ForwardRef(withPositioning)-root"
        tabindex="0"
        type="button"
      >
        <span
          class="MuiButton-label"
        >
          Add 10 Nodes
        </span>
        <span
          class="MuiTouchRipple-root"
        />
      </button>
      <button
        class="MuiButtonBase-root MuiButton-root MuiButton-contained ForwardRef(withPositioning)-root ForwardRef(withPositioning)-root"
        tabindex="0"
        type="button"
      >
        <span
          class="MuiButton-label"
        >
          Add 100 Nodes
        </span>
        <span
          class="MuiTouchRipple-root"
        />
      </button>
      <button
        class="MuiButtonBase-root MuiButton-root MuiButton-contained ForwardRef(withPositioning)-root ForwardRef(withPositioning)-root"
        tabindex="0"
        type="button"
      >
        <span
          class="MuiButton-label"
        >
          Add Edge
        </span>
        <span
          class="MuiTouchRipple-root"
        />
      </button>
      <button
        class="MuiButtonBase-root MuiButton-root MuiButton-contained ForwardRef(withPositioning)-root ForwardRef(withPositioning)-root"
        tabindex="0"
        type="button"
      >
        <span
          class="MuiButton-label"
        >
          Add 10 Edges
        </span>
        <span
          class="MuiTouchRipple-root"
        />
      </button>
      <button
        class="MuiButtonBase-root MuiButton-root MuiButton-contained ForwardRef(withPositioning)-root ForwardRef(withPositioning)-root"
        tabindex="0"
        type="button"
      >
        <span
          class="MuiButton-label"
        >
          Add 100 Edges
        </span>
        <span
          class="MuiTouchRipple-root"
        />
      </button>
      <button
        class="MuiButtonBase-root MuiButton-root MuiButton-contained ForwardRef(withPositioning)-root ForwardRef(withPositioning)-root"
        tabindex="0"
        type="button"
      >
        <span
          class="MuiButton-label"
        >
          Remove Random Node
        </span>
        <span
          class="MuiTouchRipple-root"
        />
      </button>
      <button
        class="MuiButtonBase-root MuiButton-root MuiButton-contained ForwardRef(withPositioning)-root ForwardRef(withPositioning)-root"
        tabindex="0"
        type="button"
      >
        <span
          class="MuiButton-label"
        >
          Remove Random Edge
        </span>
        <span
          class="MuiTouchRipple-root"
        />
      </button>
      <button
        class="MuiButtonBase-root MuiButton-root MuiButton-contained ForwardRef(withPositioning)-root ForwardRef(withPositioning)-root"
        tabindex="0"
        type="button"
      >
        <span
          class="MuiButton-label"
        >
          Layout
        </span>
        <span
          class="MuiTouchRipple-root"
        />
      </button>
      <button
        class="MuiButtonBase-root MuiButton-root MuiButton-contained ForwardRef(withPositioning)-root ForwardRef(withPositioning)-root"
        tabindex="0"
        type="button"
      >
        <span
          class="MuiButton-label"
        >
          Reset
        </span>
        <span
          class="MuiTouchRipple-root"
        />
      </button>
    </div>
    <div
      class="MuiBox-root MuiBox-root Styled(MuiBox)-root Styled(MuiBox)-root"
    >
      <div
        class="MuiFormControl-root MuiTextField-root ForwardRef(withBox)-root ForwardRef(withBox)-root MuiFormControl-fullWidth"
      >
        <label
          class="MuiFormLabel-root MuiInputLabel-root MuiInputLabel-formControl MuiInputLabel-animated MuiInputLabel-shrink MuiInputLabel-filled MuiFormLabel-filled"
          data-shrink="true"
        >
          Layout
        </label>
        <div
          class="MuiInputBase-root MuiFilledInput-root makeStyles-root MuiInputBase-fullWidth MuiInputBase-formControl"
        >
          <div
            aria-haspopup="listbox"
            class="MuiSelect-root MuiSelect-select MuiSelect-selectMenu MuiSelect-filled MuiInputBase-input MuiFilledInput-input"
            role="button"
            tabindex="0"
          >
            force-directed
          </div>
          <input
            aria-hidden="true"
            class="MuiSelect-nativeInput"
            tabindex="-1"
            value="force-directed"
          />
          <svg
            aria-hidden="true"
            class="MuiSvgIcon-root MuiSelect-icon MuiSelect-iconFilled"
            focusable="false"
            viewBox="0 0 24 24"
          >
            <path
              d="M7 10l5 5 5-5z"
            />
          </svg>
        </div>
      </div>
    </div>
  </div>
</DocumentFragment>
`;

exports[`renders light 1`] = `
<DocumentFragment>
  <div>
    <div
      class="MuiBox-root MuiBox-root Styled(MuiBox)-root Styled(MuiBox)-root"
    >
      <button
        class="MuiButtonBase-root MuiButton-root MuiButton-contained ForwardRef(withPositioning)-root ForwardRef(withPositioning)-root"
        tabindex="0"
        type="button"
      >
        <span
          class="MuiButton-label"
        >
          Add Node
        </span>
        <span
          class="MuiTouchRipple-root"
        />
      </button>
      <button
        class="MuiButtonBase-root MuiButton-root MuiButton-contained ForwardRef(withPositioning)-root ForwardRef(withPositioning)-root"
        tabindex="0"
        type="button"
      >
        <span
          class="MuiButton-label"
        >
          Add 10 Nodes
        </span>
        <span
          class="MuiTouchRipple-root"
        />
      </button>
      <button
        class="MuiButtonBase-root MuiButton-root MuiButton-contained ForwardRef(withPositioning)-root ForwardRef(withPositioning)-root"
        tabindex="0"
        type="button"
      >
        <span
          class="MuiButton-label"
        >
          Add 100 Nodes
        </span>
        <span
          class="MuiTouchRipple-root"
        />
      </button>
      <button
        class="MuiButtonBase-root MuiButton-root MuiButton-contained ForwardRef(withPositioning)-root ForwardRef(withPositioning)-root"
        tabindex="0"
        type="button"
      >
        <span
          class="MuiButton-label"
        >
          Add Edge
        </span>
        <span
          class="MuiTouchRipple-root"
        />
      </button>
      <button
        class="MuiButtonBase-root MuiButton-root MuiButton-contained ForwardRef(withPositioning)-root ForwardRef(withPositioning)-root"
        tabindex="0"
        type="button"
      >
        <span
          class="MuiButton-label"
        >
          Add 10 Edges
        </span>
        <span
          class="MuiTouchRipple-root"
        />
      </button>
      <button
        class="MuiButtonBase-root MuiButton-root MuiButton-contained ForwardRef(withPositioning)-root ForwardRef(withPositioning)-root"
        tabindex="0"
        type="button"
      >
        <span
          class="MuiButton-label"
        >
          Add 100 Edges
        </span>
        <span
          class="MuiTouchRipple-root"
        />
      </button>
      <button
        class="MuiButtonBase-root MuiButton-root MuiButton-contained ForwardRef(withPositioning)-root ForwardRef(withPositioning)-root"
        tabindex="0"
        type="button"
      >
        <span
          class="MuiButton-label"
        >
          Remove Random Node
        </span>
        <span
          class="MuiTouchRipple-root"
        />
      </button>
      <button
        class="MuiButtonBase-root MuiButton-root MuiButton-contained ForwardRef(withPositioning)-root ForwardRef(withPositioning)-root"
        tabindex="0"
        type="button"
      >
        <span
          class="MuiButton-label"
        >
          Remove Random Edge
        </span>
        <span
          class="MuiTouchRipple-root"
        />
      </button>
      <button
        class="MuiButtonBase-root MuiButton-root MuiButton-contained ForwardRef(withPositioning)-root ForwardRef(withPositioning)-root"
        tabindex="0"
        type="button"
      >
        <span
          class="MuiButton-label"
        >
          Layout
        </span>
        <span
          class="MuiTouchRipple-root"
        />
      </button>
      <button
        class="MuiButtonBase-root MuiButton-root MuiButton-contained ForwardRef(withPositioning)-root ForwardRef(withPositioning)-root"
        tabindex="0"
        type="button"
      >
        <span
          class="MuiButton-label"
        >
          Reset
        </span>
        <span
          class="MuiTouchRipple-root"
        />
      </button>
    </div>
    <div
      class="MuiBox-root MuiBox-root Styled(MuiBox)-root Styled(MuiBox)-root"
    >
      <div
        class="MuiFormControl-root MuiTextField-root ForwardRef(withBox)-root ForwardRef(withBox)-root MuiFormControl-fullWidth"
      >
        <label
          class="MuiFormLabel-root MuiInputLabel-root MuiInputLabel-formControl MuiInputLabel-animated MuiInputLabel-shrink MuiInputLabel-filled MuiFormLabel-filled"
          data-shrink="true"
        >
          Layout
        </label>
        <div
          class="MuiInputBase-root MuiFilledInput-root makeStyles-root MuiInputBase-fullWidth MuiInputBase-formControl"
        >
          <div
            aria-haspopup="listbox"
            class="MuiSelect-root MuiSelect-select MuiSelect-selectMenu MuiSelect-filled MuiInputBase-input MuiFilledInput-input"
            role="button"
            tabindex="0"
          >
            force-directed
          </div>
          <input
            aria-hidden="true"
            class="MuiSelect-nativeInput"
            tabindex="-1"
            value="force-directed"
          />
          <svg
            aria-hidden="true"
            class="MuiSvgIcon-root MuiSelect-icon MuiSelect-iconFilled"
            focusable="false"
            viewBox="0 0 24 24"
          >
            <path
              d="M7 10l5 5 5-5z"
            />
          </svg>
        </div>
      </div>
    </div>
  </div>
</DocumentFragment>
`;
