// Jest Snapshot v1, https://goo.gl/fbAQLP

exports[`renders dark 1`] = `
<DocumentFragment>
  <div
    class="MuiBox-root MuiBox-root Styled(MuiBox)-root Styled(MuiBox)-root"
  >
    <button
      class="MuiButtonBase-root MuiButton-root MuiButton-contained ForwardRef(withPositioning)-root ForwardRef(withPositioning)-root MuiButton-containedPrimary"
      tabindex="0"
      type="button"
    >
      <span
        class="MuiButton-label"
      >
        Add Node
      </span>
      <span
        class="MuiTouchRipple-root"
      />
    </button>
    <button
      class="MuiButtonBase-root MuiButton-root MuiButton-contained ForwardRef(withPositioning)-root ForwardRef(withPositioning)-root MuiButton-containedPrimary"
      tabindex="0"
      type="button"
    >
      <span
        class="MuiButton-label"
      >
        Add Edge
      </span>
      <span
        class="MuiTouchRipple-root"
      />
    </button>
    <div>
      <h2
        class="MuiTypography-root ForwardRef(withPositioning)-root ForwardRef(withPositioning)-root Component-root Component-root MuiTypography-h2"
      >
        Nodes
      </h2>
      <pre
        class="ForwardRef(withPositioning)-root ForwardRef(withPositioning)-root Component-root Component-root"
        variant="body1"
      >
        [
  {
    "id": "n1",
    "attributes": {
      "type": "person"
    }
  },
  {
    "id": "n2",
    "attributes": {
      "type": "person"
    }
  },
  {
    "id": "n3",
    "attributes": {
      "type": "person"
    }
  },
  {
    "id": "n4",
    "attributes": {
      "type": "place"
    }
  },
  {
    "id": "n5",
    "attributes": {
      "type": "place"
    }
  },
  {
    "id": "n6",
    "attributes": {
      "type": "place"
    }
  }
]
      </pre>
    </div>
    <div>
      <h2
        class="MuiTypography-root ForwardRef(withPositioning)-root ForwardRef(withPositioning)-root Component-root Component-root MuiTypography-h2"
      >
        Edges
      </h2>
      <pre
        class="ForwardRef(withPositioning)-root ForwardRef(withPositioning)-root Component-root Component-root"
        variant="body1"
      >
        [
  {
    "id": "e1",
    "attributes": {},
    "source": "n1",
    "target": "n2"
  },
  {
    "id": "e2",
    "attributes": {},
    "source": "n1",
    "target": "n3"
  },
  {
    "id": "e3",
    "attributes": {},
    "source": "n3",
    "target": "n4"
  },
  {
    "id": "e5",
    "attributes": {},
    "source": "n5",
    "target": "n5"
  }
]
      </pre>
    </div>
    <div />
  </div>
</DocumentFragment>
`;

exports[`renders light 1`] = `
<DocumentFragment>
  <div
    class="MuiBox-root MuiBox-root Styled(MuiBox)-root Styled(MuiBox)-root"
  >
    <button
      class="MuiButtonBase-root MuiButton-root MuiButton-contained ForwardRef(withPositioning)-root ForwardRef(withPositioning)-root MuiButton-containedPrimary"
      tabindex="0"
      type="button"
    >
      <span
        class="MuiButton-label"
      >
        Add Node
      </span>
      <span
        class="MuiTouchRipple-root"
      />
    </button>
    <button
      class="MuiButtonBase-root MuiButton-root MuiButton-contained ForwardRef(withPositioning)-root ForwardRef(withPositioning)-root MuiButton-containedPrimary"
      tabindex="0"
      type="button"
    >
      <span
        class="MuiButton-label"
      >
        Add Edge
      </span>
      <span
        class="MuiTouchRipple-root"
      />
    </button>
    <div>
      <h2
        class="MuiTypography-root ForwardRef(withPositioning)-root ForwardRef(withPositioning)-root Component-root Component-root MuiTypography-h2"
      >
        Nodes
      </h2>
      <pre
        class="ForwardRef(withPositioning)-root ForwardRef(withPositioning)-root Component-root Component-root"
        variant="body1"
      >
        [
  {
    "id": "n1",
    "attributes": {
      "type": "person"
    }
  },
  {
    "id": "n2",
    "attributes": {
      "type": "person"
    }
  },
  {
    "id": "n3",
    "attributes": {
      "type": "person"
    }
  },
  {
    "id": "n4",
    "attributes": {
      "type": "place"
    }
  },
  {
    "id": "n5",
    "attributes": {
      "type": "place"
    }
  },
  {
    "id": "n6",
    "attributes": {
      "type": "place"
    }
  }
]
      </pre>
    </div>
    <div>
      <h2
        class="MuiTypography-root ForwardRef(withPositioning)-root ForwardRef(withPositioning)-root Component-root Component-root MuiTypography-h2"
      >
        Edges
      </h2>
      <pre
        class="ForwardRef(withPositioning)-root ForwardRef(withPositioning)-root Component-root Component-root"
        variant="body1"
      >
        [
  {
    "id": "e1",
    "attributes": {},
    "source": "n1",
    "target": "n2"
  },
  {
    "id": "e2",
    "attributes": {},
    "source": "n1",
    "target": "n3"
  },
  {
    "id": "e3",
    "attributes": {},
    "source": "n3",
    "target": "n4"
  },
  {
    "id": "e5",
    "attributes": {},
    "source": "n5",
    "target": "n5"
  }
]
      </pre>
    </div>
    <div />
  </div>
</DocumentFragment>
`;
