// Jest Snapshot v1, https://goo.gl/fbAQLP

exports[`can be rendered light 1`] = `
<DocumentFragment>
  <div
    class="MuiBox-root MuiBox-root Styled(MuiBox)-root Styled(MuiBox)-root"
  >
    <button
      class="MuiButtonBase-root MuiButton-root MuiButton-contained ForwardRef(withPositioning)-root ForwardRef(withPositioning)-root MuiButton-containedPrimary"
      tabindex="0"
      type="button"
    >
      <span
        class="MuiButton-label"
      >
        Add Node
      </span>
      <span
        class="MuiTouchRipple-root"
      />
    </button>
    <button
      class="MuiButtonBase-root MuiButton-root MuiButton-contained ForwardRef(withPositioning)-root ForwardRef(withPositioning)-root MuiButton-containedPrimary"
      tabindex="0"
      type="button"
    >
      <span
        class="MuiButton-label"
      >
        Add Edge
      </span>
      <span
        class="MuiTouchRipple-root"
      />
    </button>
    <div>
      <h2
        class="MuiTypography-root ForwardRef(withPositioning)-root ForwardRef(withPositioning)-root Component-root Component-root MuiTypography-h2"
      >
        Nodes
      </h2>
      <pre
        class="ForwardRef(withPositioning)-root ForwardRef(withPositioning)-root Component-root Component-root"
        variant="body1"
      >
        [
  {
    "id": "node1",
    "attributes": {
      "employer": "Committed"
    },
    "color": "yellow",
    "label": "Node 1",
    "size": 10,
    "strokeColor": "black",
    "opacity": 1,
    "shape": "ellipse",
    "strokeSize": 2
  },
  {
    "id": "node2",
    "attributes": {
      "employer": "Government"
    },
    "color": "green",
    "label": "Node 2",
    "size": 12,
    "strokeColor": "black",
    "opacity": 0.9,
    "shape": "rectangle",
    "strokeSize": 3
  }
]
      </pre>
    </div>
    <div>
      <h2
        class="MuiTypography-root ForwardRef(withPositioning)-root ForwardRef(withPositioning)-root Component-root Component-root MuiTypography-h2"
      >
        Edges
      </h2>
      <pre
        class="ForwardRef(withPositioning)-root ForwardRef(withPositioning)-root Component-root Component-root"
        variant="body1"
      >
        [
  {
    "id": "edge1",
    "attributes": {
      "role": "client"
    },
    "source": "node1",
    "target": "node2"
  }
]
      </pre>
    </div>
    <div />
  </div>
</DocumentFragment>
`;

exports[`can be rendered light 2`] = `
<DocumentFragment>
  <div
    class="MuiBox-root MuiBox-root Styled(MuiBox)-root Styled(MuiBox)-root"
  >
    <button
      class="MuiButtonBase-root MuiButton-root MuiButton-contained ForwardRef(withPositioning)-root ForwardRef(withPositioning)-root MuiButton-containedPrimary"
      tabindex="0"
      type="button"
    >
      <span
        class="MuiButton-label"
      >
        Add Node
      </span>
      <span
        class="MuiTouchRipple-root"
      />
    </button>
    <button
      class="MuiButtonBase-root MuiButton-root MuiButton-contained ForwardRef(withPositioning)-root ForwardRef(withPositioning)-root MuiButton-containedPrimary"
      tabindex="0"
      type="button"
    >
      <span
        class="MuiButton-label"
      >
        Add Edge
      </span>
      <span
        class="MuiTouchRipple-root"
      />
    </button>
    <div>
      <h2
        class="MuiTypography-root ForwardRef(withPositioning)-root ForwardRef(withPositioning)-root Component-root Component-root MuiTypography-h2"
      >
        Nodes
      </h2>
      <pre
        class="ForwardRef(withPositioning)-root ForwardRef(withPositioning)-root Component-root Component-root"
        variant="body1"
      >
        [
  {
    "id": "node1",
    "attributes": {
      "employer": "Committed"
    },
    "color": "yellow",
    "label": "Node 1",
    "size": 10,
    "strokeColor": "black",
    "opacity": 1,
    "shape": "ellipse",
    "strokeSize": 2
  },
  {
    "id": "node2",
    "attributes": {
      "employer": "Government"
    },
    "color": "green",
    "label": "Node 2",
    "size": 12,
    "strokeColor": "black",
    "opacity": 0.9,
    "shape": "rectangle",
    "strokeSize": 3
  }
]
      </pre>
    </div>
    <div>
      <h2
        class="MuiTypography-root ForwardRef(withPositioning)-root ForwardRef(withPositioning)-root Component-root Component-root MuiTypography-h2"
      >
        Edges
      </h2>
      <pre
        class="ForwardRef(withPositioning)-root ForwardRef(withPositioning)-root Component-root Component-root"
        variant="body1"
      >
        [
  {
    "id": "edge1",
    "attributes": {
      "role": "client"
    },
    "source": "node1",
    "target": "node2"
  }
]
      </pre>
    </div>
    <div />
  </div>
</DocumentFragment>
`;
